No syntax errors detected in src/Dto/Collection/ArticleCollectionFilters.php
No syntax errors detected in src/Dto/Model/ArticleResponse.php
No syntax errors detected in src/Dto/Collection/ArticleCollectionResponse.php
No syntax errors detected in src/console.php
No syntax errors detected in src/Dto/Model/ArticleRequest.php
No syntax errors detected in src/Seeder.php
No syntax errors detected in src/Dto/Collection/ArticleCollectionSort.php
No syntax errors detected in src/Dto/Model/CategoryRequest.php
No syntax errors detected in src/Dto/Collection/CollectionRequestInterface.php
No syntax errors detected in src/Collection/ArticleCollection.php
No syntax errors detected in src/Collection/AbstractCollection.php
No syntax errors detected in src/Collection/CollectionInterface.php
No syntax errors detected in src/Dto/Model/CategoryResponse.php
No syntax errors detected in src/Orm/CategoryMapping.php
No syntax errors detected in src/Dto/Model/ModelRequestInterface.php
No syntax errors detected in src/Dto/Collection/ArticleCollectionRequest.php
No syntax errors detected in src/Model/Category.php
No syntax errors detected in src/Repository/ArticleRepository.php
No syntax errors detected in src/Orm/ArticleMapping.php
No syntax errors detected in src/Model/Article.php
No syntax errors detected in src/ServiceFactory/Http/ResponseFactoryFactory.php
No syntax errors detected in src/Parsing/ParsingInterface.php
No syntax errors detected in src/Model/ModelInterface.php
No syntax errors detected in src/Parsing/ArticleParsing.php
No syntax errors detected in src/container.php
No syntax errors detected in src/ServiceFactory/Framework/MiddlewaresFactory.php
No syntax errors detected in src/ServiceFactory/Framework/RoutesByNameFactory.php
No syntax errors detected in src/ServiceFactory/Framework/RouteMatcherMiddlewareFactory.php
No syntax errors detected in src/Repository/RepositoryInterface.php
No syntax errors detected in src/web.php
No syntax errors detected in src/ServiceFactory/Framework/UrlGeneratorFactory.php
No syntax errors detected in src/ServiceFactory/Http/StreamFactoryFactory.php
No syntax errors detected in src/ServiceFactory/DecodeEncode/TypeDecodersFactory.php
No syntax errors detected in src/ServiceFactory/DecodeEncode/TypeEncodersFactory.php
No syntax errors detected in src/ServiceFactory/Parsing/ArticleParsingFactory.php
No syntax errors detected in src/ServiceFactory/Command/CommandsFactory.php
No syntax errors detected in src/ServiceFactory/Framework/ExceptionMiddlewareFactory.php
No syntax errors detected in src/ServiceFactory/Framework/RouteMatcherFactory.php
No syntax errors detected in src/ServiceFactory/Repository/ArticleRepositoryFactory.php
No syntax errors detected in src/ServiceFactory/Negotiation/AcceptNegotiatorSupportedMediaTypesFactory.php
No syntax errors detected in src/ServiceFactory/Doctrine/EntityManagerFactory.php
No syntax errors detected in src/ServiceFactory/Negotiation/ContentTypeNegotiatorSupportedMediaTypesFactory.php
No syntax errors detected in src/ServiceFactory/Parsing/ParserFactory.php
No syntax errors detected in src/ServiceFactory/Logger/LoggerFactory.php
No syntax errors detected in src/ServiceFactory/RequestHandler/HomePageRequestHandlerFactory.php
No syntax errors detected in src/ServiceFactory/RequestHandler/OpenapiRequestHandlerFactory.php
No syntax errors detected in src/ServiceFactory/RequestHandler/Api/Crud/ArticleUpdateRequestHandlerFactory.php
No syntax errors detected in src/ServiceFactory/RequestHandler/Api/Crud/ArticleReadRequestHandlerFactory.php
No syntax errors detected in src/ServiceFactory/RequestHandler/Api/Crud/ArticleDeleteRequestHandlerFactory.php
No syntax errors detected in src/ServiceFactory/RequestHandler/ArticleListHtmlRequestHandlerFactory.php
No syntax errors detected in src/ServiceFactory/Middleware/ApiExceptionMiddlewareFactory.php
No syntax errors detected in src/ServiceFactory/RequestHandler/PingRequestHandlerFactory.php
No syntax errors detected in src/ServiceFactory/RequestHandler/Api/Crud/ArticleListRequestHandlerFactory.php
No syntax errors detected in src/ServiceFactory/RequestHandler/Api/Crud/ArticleCreateRequestHandlerFactory.php
No syntax errors detected in src/RequestHandler/ArticleListHtmlRequestHandler.php
No syntax errors detected in src/RequestHandler/Api/Crud/DeleteRequestHandler.php
No syntax errors detected in src/RequestHandler/Api/Crud/ListRequestHandler.php
No syntax errors detected in src/RequestHandler/Api/Crud/CreateRequestHandler.php
No syntax errors detected in src/RequestHandler/Api/Crud/ReadRequestHandler.php
No syntax errors detected in src/RequestHandler/OpenapiRequestHandler.php
No syntax errors detected in src/RequestHandler/HomePageRequestHandler.php
No syntax errors detected in src/RequestHandler/Api/Crud/UpdateRequestHandler.php
No syntax errors detected in src/Middleware/ApiExceptionMiddleware.php
No syntax errors detected in src/RequestHandler/PingRequestHandler.php
No syntax errors detected in tests/Unit/Dto/Collection/PetCollectionRequestTest.php
No syntax errors detected in tests/Unit/Dto/Collection/PetCollectionResponseTest.php
No syntax errors detected in tests/Unit/Dto/Model/PetRequestTest.php
No syntax errors detected in tests/Unit/Collection/PetCollectionTest.php
No syntax errors detected in tests/Unit/Dto/Model/PetResponseTest.php
No syntax errors detected in tests/Unit/Collection/CollectionTest.php
No syntax errors detected in tests/Unit/Parsing/ArticleParsingTest.php
No syntax errors detected in tests/Unit/Model/PetTest.php
No syntax errors detected in tests/Unit/Orm/VaccinationMappingTest.php
No syntax errors detected in tests/Unit/Orm/PetMappingTest.php
No syntax errors detected in tests/Unit/Model/VaccinationTest.php
No syntax errors detected in tests/Unit/ServiceFactory/Http/ResponseFactoryFactoryTest.php
No syntax errors detected in tests/Unit/Repository/ArticleRepositoryTest.php
No syntax errors detected in tests/Unit/ServiceFactory/Http/StreamFactoryFactoryTest.php
No syntax errors detected in tests/Unit/ServiceFactory/Framework/RouteMatcherMiddlewareFactoryTest.php
No syntax errors detected in tests/Unit/ServiceFactory/Framework/RouteMatcherFactoryTest.php
No syntax errors detected in tests/Unit/ServiceFactory/Framework/MiddlewaresFactoryTest.php
No syntax errors detected in tests/Unit/ServiceFactory/Framework/UrlGeneratorFactoryTest.php
No syntax errors detected in tests/Unit/ServiceFactory/Framework/RoutesByNameFactoryTest.php
No syntax errors detected in tests/Unit/ServiceFactory/Framework/ExceptionMiddlewareFactoryTest.php
No syntax errors detected in tests/Unit/ServiceFactory/DecodeEncode/TypeDecodersFactoryTest.php
No syntax errors detected in tests/Unit/ServiceFactory/Command/CommandsFactoryTest.php
No syntax errors detected in tests/Unit/ServiceFactory/Parsing/ArticleParsingFactoryTest.php
No syntax errors detected in tests/Unit/ServiceFactory/DecodeEncode/TypeEncodersFactoryTest.php
No syntax errors detected in tests/Unit/ServiceFactory/Negotiation/AcceptNegotiatorSupportedMediaTypesFactoryTest.php
No syntax errors detected in tests/Unit/ServiceFactory/Logger/LoggerFactoryTest.php
No syntax errors detected in tests/Unit/ServiceFactory/Repository/ArticleRepositoryFactoryTest.php
No syntax errors detected in tests/Unit/ServiceFactory/Parsing/ParserFactoryTest.php
No syntax errors detected in tests/Unit/ServiceFactory/Negotiation/ContentTypeNegotiatorSupportedMediaTypesFactoryTest.php
No syntax errors detected in tests/Unit/ServiceFactory/RequestHandler/Api/Crud/ArticleUpdateRequestHandlerFactoryTest.php
No syntax errors detected in tests/Unit/ServiceFactory/RequestHandler/Api/Crud/ArticleDeleteRequestHandlerFactoryTest.php
No syntax errors detected in tests/Unit/ServiceFactory/RequestHandler/PingRequestHandlerFactoryTest.php
No syntax errors detected in tests/Unit/ServiceFactory/RequestHandler/Api/Crud/ArticleListRequestHandlerFactoryTest.php
No syntax errors detected in tests/Unit/ServiceFactory/RequestHandler/Api/Crud/ArticleCreateRequestHandlerFactoryTest.php
No syntax errors detected in tests/Unit/ServiceFactory/RequestHandler/Api/Crud/ArticleReadRequestHandlerFactoryTest.php
No syntax errors detected in tests/Unit/ServiceFactory/Middleware/ApiExceptionMiddlewareFactoryTest.php
No syntax errors detected in tests/Unit/RequestHandler/OpenapiRequestHandlerTest.php
No syntax errors detected in tests/Unit/ServiceFactory/RequestHandler/OpenapiRequestHandlerFactoryTest.php
No syntax errors detected in tests/Unit/RequestHandler/Api/Crud/ListRequestHandlerTest.php
No syntax errors detected in tests/Unit/RequestHandler/Api/Crud/CreateRequestHandlerTest.php
No syntax errors detected in tests/Unit/RequestHandler/Api/Crud/DeleteRequestHandlerTest.php
No syntax errors detected in tests/Unit/RequestHandler/Api/Crud/ReadRequestHandlerTest.php
No syntax errors detected in tests/Unit/RequestHandler/Api/Crud/UpdateRequestHandlerTest.php
No syntax errors detected in tests/Unit/RequestHandler/PingRequestHandlerTest.php
No syntax errors detected in tests/Unit/Middleware/ApiExceptionMiddlewareTest.php
No syntax errors detected in tests/Integration/OpenapiRequestHandlerTest.php
No syntax errors detected in tests/Integration/ArticleCrudRequestHandlerTest.php
No syntax errors detected in tests/Helper/AssertHelper.php
No syntax errors detected in tests/Integration/CorsControllerTest.php
No syntax errors detected in tests/Integration/PingRequestHandlerTest.php
No syntax errors detected in tests/Integration/AbstractIntegrationTestCase.php
No syntax errors detected in tests/PhpServerExtension.php
